
 

 Symbol Cross Reference                       (# is definition)       Cref-1

CODE . . . . . . . . . . . . . .     8#     9     18 

DATA . . . . . . . . . . . . . .     2#     6      9     11 

STACK. . . . . . . . . . . . . .    20#    21     26 
START. . . . . . . . . . . . . .    10#    28 
STRING . . . . . . . . . . . . .     3#    14 

5 Symbols

62956 Bytes Free
